quarkus:
  http:
    test-port: 0
  devservices:
    enabled: "false"